---
source: crates/lykn-cli/src/dist.rs
assertion_line: 898
expression: value
---
{
  "author": "Duncan McGreggor",
  "dependencies": {},
  "exports": {
    ".": "./mod.js"
  },
  "files": [
    "*.js",
    "*.lykn",
    "*.lyk",
    "README.md",
    "LICENSE"
  ],
  "keywords": [
    "lisp",
    "s-expression",
    "lykn"
  ],
  "license": "Apache-2.0",
  "main": "./mod.js",
  "name": "@lykn/testing",
  "publishConfig": {
    "access": "public"
  },
  "repository": {
    "type": "git",
    "url": "git+https://github.com/lykn-lang/lykn.git"
  },
  "type": "module",
  "version": "0.5.0"
}
